G({a_0 & b_0 & c_0 } |=> {d_0 & e_0 & f_0 & g_0 & h_0 & i_0 } U {j_0 & k_0 & l_0 & m_0 & n_0 & o_0 })
G({a_1 & b_1 & c_1 } |=> {d_1 & e_1 & f_1 & g_1 & h_1 & i_1 } U {j_1 & k_1 & l_1 & m_1 & n_1 & o_1 })
G({a_2 & b_2 & c_2 } |=> {d_2 & e_2 & f_2 & g_2 & h_2 & i_2 } U {j_2 & k_2 & l_2 & m_2 & n_2 & o_2 })
G({a_3 & b_3 & c_3 } |=> {d_3 & e_3 & f_3 & g_3 & h_3 & i_3 } U {j_3 & k_3 & l_3 & m_3 & n_3 & o_3 })
G({a_4 & b_4 & c_4 } |=> {d_4 & e_4 & f_4 & g_4 & h_4 & i_4 } U {j_4 & k_4 & l_4 & m_4 & n_4 & o_4 })
