G({a_0 & b_0 & c_0 } |=> F {d_0 & e_0 })
G({a_1 & b_1 & c_1 } |=> F {d_1 & e_1 })
