G({a_0 ##1 b_0 } |-> {c_0 ##2 d_0 })
G({a_1 ##1 b_1 } |-> {c_1 ##2 d_1 })
G({a_2 ##1 b_2 } |-> {c_2 ##2 d_2 })
