G({a_0 ##1 b_0} |=> {c_0 ##1 d_0})
G({a_1 ##1 b_1} |=> {c_1 ##1 d_1})
