G({a_0 & b_0 ##1 c_0 } |=> {d_0 & e_0 ##1 f_0 })
G({a_1 & b_1 ##1 c_1 } |=> {d_1 & e_1 ##1 f_1 })
G({a_2 & b_2 ##1 c_2 } |=> {d_2 & e_2 ##1 f_2 })
G({a_3 & b_3 ##1 c_3 } |=> {d_3 & e_3 ##1 f_3 })
G({a_4 & b_4 ##1 c_4 } |=> {d_4 & e_4 ##1 f_4 })
